#
# There is insufficient memory for the Java Runtime Environment to continue.
# Native memory allocation (mmap) failed to map 132120576 bytes for G1 virtual space
# Possible reasons:
#   The system is out of physical RAM or swap space
#   The process is running with CompressedOops enabled, and the Java Heap may be blocking the growth of the native heap
# Possible solutions:
#   Reduce memory load on the system
#   Increase physical memory or swap space
#   Check if swap backing store is full
#   Decrease Java heap size (-Xmx/-Xms)
#   Decrease number of Java threads
#   Decrease Java thread stack sizes (-Xss)
#   Set larger code cache with -XX:ReservedCodeCacheSize=
#   JVM is running with Unscaled Compressed Oops mode in which the Java heap is
#     placed in the first 4GB address space. The Java Heap base address is the
#     maximum limit for the native heap growth. Please use -XX:HeapBaseMinAddress
#     to set the Java Heap base and to place the Java Heap above 4GB virtual address.
# This output file may be truncated or incomplete.
#
#  Out of Memory Error (os_windows.cpp:3617), pid=44780, tid=46216
#
# JRE version:  (17.0.8.1+1) (build )
# Java VM: OpenJDK 64-Bit Server VM (17.0.8.1+1, mixed mode, sharing, tiered, compressed oops, compressed class ptrs, g1 gc, windows-amd64)
# No core dump will be written. Minidumps are not enabled by default on client versions of Windows
#

---------------  S U M M A R Y ------------

Command Line: -ea -Dfile.encoding=UTF-8 -Dstdout.encoding=UTF-8 -Dstderr.encoding=UTF-8 -XX:+ShowCodeDetailsInExceptionMessages org.testng.remote.RemoteTestNG -serport 49878 -protocol json -d C:\Users\SynccIT\OneDrive\Desktop\2023-09 Eclipse\SMPL\test-output C:\Users\SynccIT\AppData\Local\Temp\testng-eclipse-196933461\testng-customsuite.xml

Host: 11th Gen Intel(R) Core(TM) i5-1135G7 @ 2.40GHz, 8 cores, 7G,  Windows 11 , 64 bit Build 22621 (10.0.22621.2428)
Time: Thu Dec  7 15:31:06 2023 India Standard Time elapsed time: 0.038130 seconds (0d 0h 0m 0s)

---------------  T H R E A D  ---------------

Current thread (0x00000202b47ee6e0):  JavaThread "Unknown thread" [_thread_in_vm, id=46216, stack(0x000000b359500000,0x000000b359600000)]

Stack: [0x000000b359500000,0x000000b359600000]
Native frames: (J=compiled Java code, j=interpreted, Vv=VM code, C=native code)
V  [jvm.dll+0x678b0a]
V  [jvm.dll+0x835e84]
V  [jvm.dll+0x83762e]
V  [jvm.dll+0x837c93]
V  [jvm.dll+0x24746f]
V  [jvm.dll+0x675859]
V  [jvm.dll+0x66a0ea]
V  [jvm.dll+0x306c7b]
V  [jvm.dll+0x30e166]
V  [jvm.dll+0x35dd3e]
V  [jvm.dll+0x35df6f]
V  [jvm.dll+0x2ddb48]
V  [jvm.dll+0x2deab4]
V  [jvm.dll+0x807f31]
V  [jvm.dll+0x36bb21]
V  [jvm.dll+0x7e733c]
V  [jvm.dll+0x3ee4af]
V  [jvm.dll+0x3f00c1]
C  [jli.dll+0x528b]
C  [ucrtbase.dll+0x29363]
C  [KERNEL32.dll+0x1257d]
C  [ntdll.dll+0x5aa78]


---------------  P R O C E S S  ---------------

Threads class SMR info:
_java_thread_list=0x00007ffc64bda018, length=0, elements={
}

Java Threads: ( => current thread )

Other Threads:
  0x00000202b484bba0 GCTaskThread "GC Thread#0" [stack: 0x000000b359600000,0x000000b359700000] [id=12860]
  0x00000202b485cae0 ConcurrentGCThread "G1 Main Marker" [stack: 0x000000b359700000,0x000000b359800000] [id=44576]
  0x00000202b485d400 ConcurrentGCThread "G1 Conc#0" [stack: 0x000000b359800000,0x000000b359900000] [id=53224]

[error occurred during error reporting (printing all threads), id 0xc0000005, EXCEPTION_ACCESS_VIOLATION (0xc0000005) at pc=0x00007ffc643ae587]

VM state: not at safepoint (not fully initialized)

VM Mutex/Monitor currently owned by a thread:  ([mutex/lock_event])
[0x00000202b47ea7e0] Heap_lock - owner thread: 0x00000202b47ee6e0

Heap address: 0x0000000083600000, size: 1994 MB, Compressed Oops mode: 32-bit

CDS archive(s) mapped at: [0x0000000000000000-0x0000000000000000-0x0000000000000000), size 0, SharedBaseAddress: 0x0000000800000000, ArchiveRelocationMode: 1.
Narrow klass base: 0x0000000000000000, Narrow klass shift: 0, Narrow klass range: 0x0

GC Precious Log:
<Empty>

Heap:
 garbage-first heap   total 0K, used 0K [0x0000000083600000, 0x0000000100000000)
  region size 1024K, 0 young (0K), 0 survivors (0K)

[error occurred during error reporting (printing heap information), id 0xc0000005, EXCEPTION_ACCESS_VIOLATION (0xc0000005) at pc=0x00007ffc64792699]

GC Heap History (0 events):
No events

Dll operation events (1 events):
Event: 0.028 Loaded shared library C:\Users\SynccIT\.p2\pool\plugins\org.eclipse.justj.openjdk.hotspot.jre.full.win32.x86_64_17.0.8.v20230831-1047\jre\bin\java.dll

Deoptimization events (0 events):
No events

Classes unloaded (0 events):
No events

Classes redefined (0 events):
No events

Internal exceptions (0 events):
No events

VM Operations (0 events):
No events

Events (0 events):
No events


Dynamic libraries:
0x00007ff736860000 - 0x00007ff73686e000 	C:\Users\SynccIT\.p2\pool\plugins\org.eclipse.justj.openjdk.hotspot.jre.full.win32.x86_64_17.0.8.v20230831-1047\jre\bin\javaw.exe
0x00007ffcd1470000 - 0x00007ffcd1687000 	C:\WINDOWS\SYSTEM32\ntdll.dll
0x00007ffccf450000 - 0x00007ffccf514000 	C:\WINDOWS\System32\KERNEL32.dll
0x00007ffcce390000 - 0x00007ffcce4ab000 	C:\Windows\system32\hmpalert.dll
0x00007ffcce7f0000 - 0x00007ffcceb96000 	C:\WINDOWS\System32\KERNELBASE.dll
0x00007ffccf080000 - 0x00007ffccf191000 	C:\WINDOWS\System32\ucrtbase.dll
0x00007ffcbc1b0000 - 0x00007ffcbc1c7000 	C:\Users\SynccIT\.p2\pool\plugins\org.eclipse.justj.openjdk.hotspot.jre.full.win32.x86_64_17.0.8.v20230831-1047\jre\bin\jli.dll
0x00007ffccfb30000 - 0x00007ffccfcdd000 	C:\WINDOWS\System32\USER32.dll
0x00007ffccf1a0000 - 0x00007ffccf1c6000 	C:\WINDOWS\System32\win32u.dll
0x00007ffccf530000 - 0x00007ffccf559000 	C:\WINDOWS\System32\GDI32.dll
0x00007ffccece0000 - 0x00007ffccedf8000 	C:\WINDOWS\System32\gdi32full.dll
0x00007ffccef70000 - 0x00007ffccf00a000 	C:\WINDOWS\System32\msvcp_win.dll
0x00007ffcbcc40000 - 0x00007ffcbcc59000 	C:\Users\SynccIT\.p2\pool\plugins\org.eclipse.justj.openjdk.hotspot.jre.full.win32.x86_64_17.0.8.v20230831-1047\jre\bin\VCRUNTIME140.dll
0x00007ffcb1cb0000 - 0x00007ffcb1f43000 	C:\WINDOWS\WinSxS\amd64_microsoft.windows.common-controls_6595b64144ccf1df_6.0.22621.2361_none_2712ced57382f843\COMCTL32.dll
0x00007ffccf320000 - 0x00007ffccf3c7000 	C:\WINDOWS\System32\msvcrt.dll
0x00007ffccfd50000 - 0x00007ffccfd81000 	C:\WINDOWS\System32\IMM32.DLL
0x00007ffcc7700000 - 0x00007ffcc770c000 	C:\Users\SynccIT\.p2\pool\plugins\org.eclipse.justj.openjdk.hotspot.jre.full.win32.x86_64_17.0.8.v20230831-1047\jre\bin\vcruntime140_1.dll
0x00007ffcb3d80000 - 0x00007ffcb3e11000 	C:\Users\SynccIT\.p2\pool\plugins\org.eclipse.justj.openjdk.hotspot.jre.full.win32.x86_64_17.0.8.v20230831-1047\jre\bin\msvcp140.dll
0x00007ffc640c0000 - 0x00007ffc64d0c000 	C:\Users\SynccIT\.p2\pool\plugins\org.eclipse.justj.openjdk.hotspot.jre.full.win32.x86_64_17.0.8.v20230831-1047\jre\bin\server\jvm.dll
0x00007ffccf560000 - 0x00007ffccf610000 	C:\WINDOWS\System32\ADVAPI32.dll
0x00007ffcd1360000 - 0x00007ffcd1406000 	C:\WINDOWS\System32\sechost.dll
0x00007ffcd0f50000 - 0x00007ffcd1067000 	C:\WINDOWS\System32\RPCRT4.dll
0x00007ffcc75e0000 - 0x00007ffcc75e9000 	C:\WINDOWS\SYSTEM32\WSOCK32.dll
0x00007ffccfab0000 - 0x00007ffccfb21000 	C:\WINDOWS\System32\WS2_32.dll
0x00007ffcc7510000 - 0x00007ffcc7544000 	C:\WINDOWS\SYSTEM32\WINMM.dll
0x00007ffcc7920000 - 0x00007ffcc792a000 	C:\WINDOWS\SYSTEM32\VERSION.dll
0x00007ffccd520000 - 0x00007ffccd56d000 	C:\WINDOWS\SYSTEM32\POWRPROF.dll
0x00007ffccd500000 - 0x00007ffccd513000 	C:\WINDOWS\SYSTEM32\UMPDC.dll
0x00007ffccd760000 - 0x00007ffccd778000 	C:\WINDOWS\SYSTEM32\kernel.appcore.dll
0x00007ffcc50f0000 - 0x00007ffcc50fa000 	C:\Users\SynccIT\.p2\pool\plugins\org.eclipse.justj.openjdk.hotspot.jre.full.win32.x86_64_17.0.8.v20230831-1047\jre\bin\jimage.dll
0x00007ffccc050000 - 0x00007ffccc27e000 	C:\WINDOWS\SYSTEM32\DBGHELP.DLL
0x00007ffcd06b0000 - 0x00007ffcd0a3a000 	C:\WINDOWS\System32\combase.dll
0x00007ffccf720000 - 0x00007ffccf7f7000 	C:\WINDOWS\System32\OLEAUT32.dll
0x00007ffcc47d0000 - 0x00007ffcc4802000 	C:\WINDOWS\SYSTEM32\dbgcore.DLL
0x00007ffccec60000 - 0x00007ffccecda000 	C:\WINDOWS\System32\bcryptPrimitives.dll
0x00007ffcc4260000 - 0x00007ffcc4285000 	C:\Users\SynccIT\.p2\pool\plugins\org.eclipse.justj.openjdk.hotspot.jre.full.win32.x86_64_17.0.8.v20230831-1047\jre\bin\java.dll

dbghelp: loaded successfully - version: 4.0.5 - missing functions: none
symbol engine: initialized successfully - sym options: 0x614 - pdb path: .;C:\Users\SynccIT\.p2\pool\plugins\org.eclipse.justj.openjdk.hotspot.jre.full.win32.x86_64_17.0.8.v20230831-1047\jre\bin;C:\WINDOWS\SYSTEM32;C:\WINDOWS\WinSxS\amd64_microsoft.windows.common-controls_6595b64144ccf1df_6.0.22621.2361_none_2712ced57382f843;C:\Users\SynccIT\.p2\pool\plugins\org.eclipse.justj.openjdk.hotspot.jre.full.win32.x86_64_17.0.8.v20230831-1047\jre\bin\server

VM Arguments:
jvm_args: -ea -Dfile.encoding=UTF-8 -Dstdout.encoding=UTF-8 -Dstderr.encoding=UTF-8 -XX:+ShowCodeDetailsInExceptionMessages 
java_command: org.testng.remote.RemoteTestNG -serport 49878 -protocol json -d C:\Users\SynccIT\OneDrive\Desktop\2023-09 Eclipse\SMPL\test-output C:\Users\SynccIT\AppData\Local\Temp\testng-eclipse-196933461\testng-customsuite.xml
java_class_path (initial): C:\Users\SynccIT\eclipse\java-2023-09\eclipse\configuration\org.eclipse.osgi\523\0\.cp\lib\testng-remote.jar;C:\Users\SynccIT\OneDrive\Desktop\2023-09 Eclipse\SMPL\target\test-classes;C:\Users\SynccIT\OneDrive\Desktop\2023-09 Eclipse\SMPL\target\classes;C:\Users\SynccIT\.p2\pool\plugins\org.testng_7.4.0.r202105021533.jar;C:\Users\SynccIT\.p2\pool\plugins\com.beust.jcommander_1.78.0.jar;C:\Users\SynccIT\.p2\pool\plugins\org.apache-extras.beanshell.bsh_2.0.0.b6.jar;C:\Users\SynccIT\.p2\pool\plugins\org.yaml.snakeyaml_1.21.0.jar;C:\Users\SynccIT\.p2\pool\plugins\org.webjars.jquery_3.5.1.jar;C:\Users\SynccIT\.m2\repository\org\seleniumhq\selenium\selenium-java\4.10.0\selenium-java-4.10.0.jar;C:\Users\SynccIT\.m2\repository\org\seleniumhq\selenium\selenium-api\4.10.0\selenium-api-4.10.0.jar;C:\Users\SynccIT\.m2\repository\org\seleniumhq\selenium\selenium-chrome-driver\4.10.0\selenium-chrome-driver-4.10.0.jar;C:\Users\SynccIT\.m2\repository\com\google\auto\service\auto-service-annotations\1.0.1\auto-service-annotations-1.0.1.jar;C:\Users\SynccIT\.m2\repository\com\google\auto\service\auto-service\1.0.1\auto-service-1.0.1.jar;C:\Users\SynccIT\.m2\repository\com\google\auto\auto-common\1.2\auto-common-1.2.jar;C:\Users\SynccIT\.m2\repository\com\google\guava\guava\31.1-jre\guava-31.1-jre.jar;C:\Users\SynccIT\.m2\repository\com\google\guava\failureaccess\1.0.1\failureaccess-1.0.1.jar;C:\Users\SynccIT\.m2\repository\com\google\guava\listenablefuture\9999.0-empty-to-avoid-conflict-with-guava\listenablefuture-9999.0-empty-to-avoid-conflict-with-guava.jar;C:\Users\SynccIT\.m2\repository\com\google\code\findbugs\jsr305\3.0.2\jsr305-3.0.2.jar;C:\Users\SynccIT\.m2\repository\org\checkerframework\checker-qual\3.12.0\checker-qual-3.12.0.jar;C:\Users\SynccIT\.m2\repository\com\google\errorprone\error_prone_annotations\2.11.0\error_prone_annotations-2.11.0.jar;C:\Users\SynccIT\.m2\repository\com\google\j2objc\j2objc-annotations\1.3\j2objc-annotations-1.3.jar
Launcher Type: SUN_STANDARD

[Global flags]
     intx CICompilerCount                          = 4                                         {product} {ergonomic}
     uint ConcGCThreads                            = 2                                         {product} {ergonomic}
     uint G1ConcRefinementThreads                  = 8                                         {product} {ergonomic}
   size_t G1HeapRegionSize                         = 1048576                                   {product} {ergonomic}
    uintx GCDrainStackTargetSize                   = 64                                        {product} {ergonomic}
   size_t InitialHeapSize                          = 132120576                                 {product} {ergonomic}
   size_t MarkStackSize                            = 4194304                                   {product} {ergonomic}
   size_t MaxHeapSize                              = 2090860544                                {product} {ergonomic}
   size_t MinHeapDeltaBytes                        = 1048576                                   {product} {ergonomic}
   size_t MinHeapSize                              = 8388608                                   {product} {ergonomic}
    uintx NonNMethodCodeHeapSize                   = 5839372                                {pd product} {ergonomic}
    uintx NonProfiledCodeHeapSize                  = 122909434                              {pd product} {ergonomic}
    uintx ProfiledCodeHeapSize                     = 122909434                              {pd product} {ergonomic}
    uintx ReservedCodeCacheSize                    = 251658240                              {pd product} {ergonomic}
     bool SegmentedCodeCache                       = true                                      {product} {ergonomic}
     bool ShowCodeDetailsInExceptionMessages       = true                                   {manageable} {command line}
   size_t SoftMaxHeapSize                          = 2090860544                             {manageable} {ergonomic}
     bool UseCompressedClassPointers               = true                           {product lp64_product} {ergonomic}
     bool UseCompressedOops                        = true                           {product lp64_product} {ergonomic}
     bool UseG1GC                                  = true                                      {product} {ergonomic}
     bool UseLargePagesIndividualAllocation        = false                                  {pd product} {ergonomic}

Logging:
Log output configuration:
 #0: stdout all=warning uptime,level,tags
 #1: stderr all=off uptime,level,tags

Environment Variables:
PATH=C:/Users/SynccIT/.p2/pool/plugins/org.eclipse.justj.openjdk.hotspot.jre.full.win32.x86_64_17.0.8.v20230831-1047/jre/bin/server;C:/Users/SynccIT/.p2/pool/plugins/org.eclipse.justj.openjdk.hotspot.jre.full.win32.x86_64_17.0.8.v20230831-1047/jre/bin;C:\Program Files\Common Files\Oracle\Java\javapath;C:\WINDOWS\system32;C:\WINDOWS;C:\WINDOWS\System32\Wbem;C:\WINDOWS\System32\WindowsPowerShell\v1.0\;C:\WINDOWS\System32\OpenSSH\;C:\Program Files\nodejs\;C:\Program Files\PuTTY\;C:\Program Files\MySQL\MySQL Shell 8.0\bin\;C:\Users\SynccIT\AppData\Local\Microsoft\WindowsApps;C:\Users\SynccIT\AppData\Roaming\npm;C:\Users\SynccIT\OneDrive\Desktop;
USERNAME=SynccIT
OS=Windows_NT
PROCESSOR_IDENTIFIER=Intel64 Family 6 Model 140 Stepping 1, GenuineIntel
TMP=C:\Users\SynccIT\AppData\Local\Temp
TEMP=C:\Users\SynccIT\AppData\Local\Temp



---------------  S Y S T E M  ---------------

OS:
 Windows 11 , 64 bit Build 22621 (10.0.22621.2428)
OS uptime: 55 days 4:56 hours
Hyper-V role detected

CPU: total 8 (initial active 8) (4 cores per cpu, 2 threads per core) family 6 model 140 stepping 1 microcode 0x8a, cx8, cmov, fxsr, ht, mmx, 3dnowpref, sse, sse2, sse3, ssse3, sse4.1, sse4.2, popcnt, lzcnt, tsc, tscinvbit, avx, avx2, aes, erms, clmul, bmi1, bmi2, adx, avx512f, avx512dq, avx512cd, avx512bw, avx512vl, sha, fma, vzeroupper, avx512_vpopcntdq, avx512_vpclmulqdq, avx512_vaes, avx512_vnni, clflush, clflushopt, clwb, avx512_vbmi2, avx512_vbmi, hv
Processor Information for processor 0
  Max Mhz: 2419, Current Mhz: 2419, Mhz Limit: 2419
Processor Information for processor 1
  Max Mhz: 2419, Current Mhz: 2419, Mhz Limit: 2419
Processor Information for processor 2
  Max Mhz: 2419, Current Mhz: 2419, Mhz Limit: 2419
Processor Information for processor 3
  Max Mhz: 2419, Current Mhz: 2419, Mhz Limit: 2419
Processor Information for processor 4
  Max Mhz: 2419, Current Mhz: 1007, Mhz Limit: 2419
Processor Information for processor 5
  Max Mhz: 2419, Current Mhz: 1007, Mhz Limit: 2419
Processor Information for processor 6
  Max Mhz: 2419, Current Mhz: 2419, Mhz Limit: 2419
Processor Information for processor 7
  Max Mhz: 2419, Current Mhz: 2419, Mhz Limit: 2419

Memory: 4k page, system-wide physical 7971M (200M free)
TotalPageFile size 23090M (AvailPageFile size 46M)
current process WorkingSet (physical memory assigned to process): 11M, peak: 11M
current process commit charge ("private bytes"): 62M, peak: 188M

vm_info: OpenJDK 64-Bit Server VM (17.0.8.1+1) for windows-amd64 JRE (17.0.8.1+1), built on Aug 23 2023 15:29:17 by "admin" with MS VC++ 16.7 (VS2019)

END.
