#
# There is insufficient memory for the Java Runtime Environment to continue.
# Native memory allocation (malloc) failed to allocate 32744 bytes for ChunkPool::allocate
# Possible reasons:
#   The system is out of physical RAM or swap space
#   The process is running with CompressedOops enabled, and the Java Heap may be blocking the growth of the native heap
# Possible solutions:
#   Reduce memory load on the system
#   Increase physical memory or swap space
#   Check if swap backing store is full
#   Decrease Java heap size (-Xmx/-Xms)
#   Decrease number of Java threads
#   Decrease Java thread stack sizes (-Xss)
#   Set larger code cache with -XX:ReservedCodeCacheSize=
#   JVM is running with Unscaled Compressed Oops mode in which the Java heap is
#     placed in the first 4GB address space. The Java Heap base address is the
#     maximum limit for the native heap growth. Please use -XX:HeapBaseMinAddress
#     to set the Java Heap base and to place the Java Heap above 4GB virtual address.
# This output file may be truncated or incomplete.
#
#  Out of Memory Error (arena.cpp:78), pid=45196, tid=30072
#
# JRE version: OpenJDK Runtime Environment Temurin-17.0.8.1+1 (17.0.8.1+1) (build 17.0.8.1+1)
# Java VM: OpenJDK 64-Bit Server VM Temurin-17.0.8.1+1 (17.0.8.1+1, mixed mode, tiered, compressed oops, compressed class ptrs, g1 gc, windows-amd64)
# No core dump will be written. Minidumps are not enabled by default on client versions of Windows
#

---------------  S U M M A R Y ------------

Command Line: -ea -Dfile.encoding=UTF-8 -Dstdout.encoding=UTF-8 -Dstderr.encoding=UTF-8 -XX:+ShowCodeDetailsInExceptionMessages org.testng.remote.RemoteTestNG -serport 62289 -protocol json -d C:\Users\SynccIT\OneDrive\Desktop\2023-09 Eclipse\SMPL\test-output C:\Users\SynccIT\AppData\Local\Temp\testng-eclipse-1195142482\testng-customsuite.xml

Host: 11th Gen Intel(R) Core(TM) i5-1135G7 @ 2.40GHz, 8 cores, 7G,  Windows 11 , 64 bit Build 22621 (10.0.22621.2428)
Time: Fri Dec  8 18:29:27 2023 India Standard Time elapsed time: 8.361927 seconds (0d 0h 0m 8s)

---------------  T H R E A D  ---------------

Current thread (0x000001b700acfe50):  JavaThread "C2 CompilerThread0" daemon [_thread_in_native, id=30072, stack(0x0000009ab6a00000,0x0000009ab6b00000)]


Current CompileTask:
C2:   8362 2630       4       java.lang.invoke.MethodType::makeImpl (109 bytes)

Stack: [0x0000009ab6a00000,0x0000009ab6b00000]
Native frames: (J=compiled Java code, j=interpreted, Vv=VM code, C=native code)
V  [jvm.dll+0x678b0a]
V  [jvm.dll+0x835e84]
V  [jvm.dll+0x83762e]
V  [jvm.dll+0x837c93]
V  [jvm.dll+0x24746f]
V  [jvm.dll+0xac42c]
V  [jvm.dll+0xac7dc]
V  [jvm.dll+0x654d43]
V  [jvm.dll+0x341850]
V  [jvm.dll+0x33f2fe]
V  [jvm.dll+0x68d725]
V  [jvm.dll+0x690c31]
V  [jvm.dll+0x688f1b]
V  [jvm.dll+0x688557]
V  [jvm.dll+0x686442]
V  [jvm.dll+0x1a859c]
V  [jvm.dll+0x1a9166]
V  [jvm.dll+0x2ada14]
V  [jvm.dll+0x690e27]
V  [jvm.dll+0x688f1b]
V  [jvm.dll+0x688557]
V  [jvm.dll+0x686442]
V  [jvm.dll+0x1a859c]
V  [jvm.dll+0x218bd8]
V  [jvm.dll+0x1a534d]
V  [jvm.dll+0x228d8a]
V  [jvm.dll+0x226dcc]
V  [jvm.dll+0x7ec09b]
V  [jvm.dll+0x7e64ca]
V  [jvm.dll+0x677955]
C  [ucrtbase.dll+0x29363]
C  [KERNEL32.dll+0x1257d]
C  [ntdll.dll+0x5aa78]


---------------  P R O C E S S  ---------------

Threads class SMR info:
_java_thread_list=0x000001b700c02dc0, length=24, elements={
0x000001b766b1c5a0, 0x000001b700a72af0, 0x000001b700a5f3e0, 0x000001b700acaf40,
0x000001b700acb910, 0x000001b700ace130, 0x000001b700acea00, 0x000001b700acfe50,
0x000001b700a8f090, 0x000001b700afe7a0, 0x000001b700c48820, 0x000001b700c48d30,
0x000001b700c4ab90, 0x000001b700c49c60, 0x000001b700c48310, 0x000001b700c4a170,
0x000001b700c473e0, 0x000001b700c49240, 0x000001b700c49750, 0x000001b700c4a680,
0x000001b7073541f0, 0x000001b707357eb0, 0x000001b707352390, 0x000001b707354c10
}

Java Threads: ( => current thread )
  0x000001b766b1c5a0 JavaThread "main" [_thread_in_native, id=40800, stack(0x0000009ab5d00000,0x0000009ab5e00000)]
  0x000001b700a72af0 JavaThread "Reference Handler" daemon [_thread_blocked, id=25992, stack(0x0000009ab6400000,0x0000009ab6500000)]
  0x000001b700a5f3e0 JavaThread "Finalizer" daemon [_thread_blocked, id=26304, stack(0x0000009ab6500000,0x0000009ab6600000)]
  0x000001b700acaf40 JavaThread "Signal Dispatcher" daemon [_thread_blocked, id=58676, stack(0x0000009ab6600000,0x0000009ab6700000)]
  0x000001b700acb910 JavaThread "Attach Listener" daemon [_thread_blocked, id=33876, stack(0x0000009ab6700000,0x0000009ab6800000)]
  0x000001b700ace130 JavaThread "Service Thread" daemon [_thread_blocked, id=41816, stack(0x0000009ab6800000,0x0000009ab6900000)]
  0x000001b700acea00 JavaThread "Monitor Deflation Thread" daemon [_thread_blocked, id=15116, stack(0x0000009ab6900000,0x0000009ab6a00000)]
=>0x000001b700acfe50 JavaThread "C2 CompilerThread0" daemon [_thread_in_native, id=30072, stack(0x0000009ab6a00000,0x0000009ab6b00000)]
  0x000001b700a8f090 JavaThread "C1 CompilerThread0" daemon [_thread_blocked, id=33516, stack(0x0000009ab6b00000,0x0000009ab6c00000)]
  0x000001b700afe7a0 JavaThread "Sweeper thread" daemon [_thread_blocked, id=42432, stack(0x0000009ab6c00000,0x0000009ab6d00000)]
  0x000001b700c48820 JavaThread "Notification Thread" daemon [_thread_blocked, id=54636, stack(0x0000009ab6d00000,0x0000009ab6e00000)]
  0x000001b700c48d30 JavaThread "Common-Cleaner" daemon [_thread_blocked, id=48480, stack(0x0000009ab6f00000,0x0000009ab7000000)]
  0x000001b700c4ab90 JavaThread "ReaderThread" [_thread_in_native, id=49604, stack(0x0000009ab7200000,0x0000009ab7300000)]
  0x000001b700c49c60 JavaThread "ForkJoinPool.commonPool-worker-1" daemon [_thread_blocked, id=58672, stack(0x0000009ab7b00000,0x0000009ab7c00000)]
  0x000001b700c48310 JavaThread "AsyncHttpClient-1-1" daemon [_thread_blocked, id=46452, stack(0x0000009ab7000000,0x0000009ab7100000)]
  0x000001b700c4a170 JavaThread "Exec Default Executor" daemon [_thread_in_native, id=57280, stack(0x0000009ab7c00000,0x0000009ab7d00000)]
  0x000001b700c473e0 JavaThread "Exec Stream Pumper" daemon [_thread_in_native, id=23256, stack(0x0000009ab7d00000,0x0000009ab7e00000)]
  0x000001b700c49240 JavaThread "Exec Stream Pumper" daemon [_thread_in_native, id=49768, stack(0x0000009ab7e00000,0x0000009ab7f00000)]
  0x000001b700c49750 JavaThread "Driver Service Executor" daemon [_thread_blocked, id=47808, stack(0x0000009ab7f00000,0x0000009ab8000000)]
  0x000001b700c4a680 JavaThread "Driver Service Executor" daemon [_thread_blocked, id=56724, stack(0x0000009ab8000000,0x0000009ab8100000)]
  0x000001b7073541f0 JavaThread "UrlChecker-2" daemon [_thread_blocked, id=48460, stack(0x0000009ab8100000,0x0000009ab8200000)]
  0x000001b707357eb0 JavaThread "Keep-Alive-Timer" daemon [_thread_blocked, id=52772, stack(0x0000009ab8200000,0x0000009ab8300000)]
  0x000001b707352390 JavaThread "AsyncHttpClient-1-2" daemon [_thread_in_native, id=11452, stack(0x0000009ab8300000,0x0000009ab8400000)]
  0x000001b707354c10 JavaThread "AsyncHttpClient-1-3" daemon [_thread_in_native, id=13012, stack(0x0000009ab8400000,0x0000009ab8500000)]

Other Threads:
  0x000001b700a22eb0 VMThread "VM Thread" [stack: 0x0000009ab6300000,0x0000009ab6400000] [id=42584]
  0x000001b700a095d0 WatcherThread [stack: 0x0000009ab6e00000,0x0000009ab6f00000] [id=32848]
  0x000001b766b7b000 GCTaskThread "GC Thread#0" [stack: 0x0000009ab5e00000,0x0000009ab5f00000] [id=49664]
  0x000001b705a0a1c0 GCTaskThread "GC Thread#1" [stack: 0x0000009ab7300000,0x0000009ab7400000] [id=46708]
  0x000001b705a0a890 GCTaskThread "GC Thread#2" [stack: 0x0000009ab7400000,0x0000009ab7500000] [id=40840]
  0x000001b705a0ab50 GCTaskThread "GC Thread#3" [stack: 0x0000009ab7500000,0x0000009ab7600000] [id=56952]
  0x000001b7059f09b0 GCTaskThread "GC Thread#4" [stack: 0x0000009ab7600000,0x0000009ab7700000] [id=35112]
  0x000001b7059f0c70 GCTaskThread "GC Thread#5" [stack: 0x0000009ab7700000,0x0000009ab7800000] [id=45960]
  0x000001b705ae3c20 GCTaskThread "GC Thread#6" [stack: 0x0000009ab7800000,0x0000009ab7900000] [id=59100]
  0x000001b7059f93c0 GCTaskThread "GC Thread#7" [stack: 0x0000009ab7900000,0x0000009ab7a00000] [id=44204]
  0x000001b766b8bf40 ConcurrentGCThread "G1 Main Marker" [stack: 0x0000009ab5f00000,0x0000009ab6000000] [id=38124]
  0x000001b766b8c860 ConcurrentGCThread "G1 Conc#0" [stack: 0x0000009ab6000000,0x0000009ab6100000] [id=55116]
  0x000001b705fe4cd0 ConcurrentGCThread "G1 Conc#1" [stack: 0x0000009ab7a00000,0x0000009ab7b00000] [id=53916]
  0x000001b766bbe600 ConcurrentGCThread "G1 Refine#0" [stack: 0x0000009ab6100000,0x0000009ab6200000] [id=48456]
  0x000001b7008d5140 ConcurrentGCThread "G1 Service" [stack: 0x0000009ab6200000,0x0000009ab6300000] [id=57960]

Threads with active compile tasks:
C2 CompilerThread0     8443 2630       4       java.lang.invoke.MethodType::makeImpl (109 bytes)

VM state: not at safepoint (normal execution)

VM Mutex/Monitor currently owned by a thread: None

Heap address: 0x0000000083600000, size: 1994 MB, Compressed Oops mode: 32-bit

CDS archive(s) not mapped
Compressed class space mapped at: 0x0000000100000000-0x0000000140000000, reserved size: 1073741824
Narrow klass base: 0x0000000000000000, Narrow klass shift: 3, Narrow klass range: 0x140000000

GC Precious Log:
 CPUs: 8 total, 8 available
 Memory: 7971M
 Large Page Support: Disabled
 NUMA Support: Disabled
 Compressed Oops: Enabled (32-bit)
 Heap Region Size: 1M
 Heap Min Capacity: 8M
 Heap Initial Capacity: 126M
 Heap Max Capacity: 1994M
 Pre-touch: Disabled
 Parallel Workers: 8
 Concurrent Workers: 2
 Concurrent Refinement Workers: 8
 Periodic GC: Disabled

Heap:
 garbage-first heap   total 65536K, used 35403K [0x0000000083600000, 0x0000000100000000)
  region size 1024K, 11 young (11264K), 1 survivors (1024K)
 Metaspace       used 32684K, committed 32960K, reserved 1114112K
  class space    used 3650K, committed 3776K, reserved 1048576K

Heap Regions: E=young(eden), S=young(survivor), O=old, HS=humongous(starts), HC=humongous(continues), CS=collection set, F=free, OA=open archive, CA=closed archive, TAMS=top-at-mark-start (previous, next)
|   0|0x0000000083600000, 0x0000000083700000, 0x0000000083700000|100%|HS|  |TAMS 0x0000000083700000, 0x0000000083600000| Complete 
|   1|0x0000000083700000, 0x0000000083800000, 0x0000000083800000|100%|HS|  |TAMS 0x0000000083800000, 0x0000000083700000| Complete 
|   2|0x0000000083800000, 0x0000000083900000, 0x0000000083900000|100%| O|  |TAMS 0x0000000083900000, 0x0000000083800000| Untracked 
|   3|0x0000000083900000, 0x0000000083a00000, 0x0000000083a00000|100%| O|  |TAMS 0x0000000083a00000, 0x0000000083900000| Untracked 
|   4|0x0000000083a00000, 0x0000000083b00000, 0x0000000083b00000|100%| O|  |TAMS 0x0000000083b00000, 0x0000000083a00000| Untracked 
|   5|0x0000000083b00000, 0x0000000083c00000, 0x0000000083c00000|100%| O|  |TAMS 0x0000000083c00000, 0x0000000083b00000| Untracked 
|   6|0x0000000083c00000, 0x0000000083d00000, 0x0000000083d00000|100%| O|  |TAMS 0x0000000083d00000, 0x0000000083c00000| Untracked 
|   7|0x0000000083d00000, 0x0000000083e00000, 0x0000000083e00000|100%| O|  |TAMS 0x0000000083e00000, 0x0000000083d00000| Untracked 
|   8|0x0000000083e00000, 0x0000000083f00000, 0x0000000083f00000|100%| O|  |TAMS 0x0000000083f00000, 0x0000000083e00000| Untracked 
|   9|0x0000000083f00000, 0x0000000084000000, 0x0000000084000000|100%| O|  |TAMS 0x0000000084000000, 0x0000000083f00000| Untracked 
|  10|0x0000000084000000, 0x0000000084000000, 0x0000000084100000|  0%| F|  |TAMS 0x0000000084000000, 0x0000000084000000| Untracked 
|  11|0x0000000084100000, 0x0000000084200000, 0x0000000084200000|100%| O|  |TAMS 0x0000000084100000, 0x0000000084100000| Untracked 
|  12|0x0000000084200000, 0x0000000084300000, 0x0000000084300000|100%| O|  |TAMS 0x0000000084200000, 0x0000000084200000| Untracked 
|  13|0x0000000084300000, 0x0000000084400000, 0x0000000084400000|100%| O|  |TAMS 0x0000000084300000, 0x0000000084300000| Untracked 
|  14|0x0000000084400000, 0x0000000084500000, 0x0000000084500000|100%| O|  |TAMS 0x0000000084400000, 0x0000000084400000| Untracked 
|  15|0x0000000084500000, 0x0000000084600000, 0x0000000084600000|100%| O|  |TAMS 0x0000000084500000, 0x0000000084500000| Untracked 
|  16|0x0000000084600000, 0x0000000084700000, 0x0000000084700000|100%| O|  |TAMS 0x0000000084600000, 0x0000000084600000| Untracked 
|  17|0x0000000084700000, 0x0000000084800000, 0x0000000084800000|100%| O|  |TAMS 0x0000000084700000, 0x0000000084700000| Untracked 
|  18|0x0000000084800000, 0x0000000084900000, 0x0000000084900000|100%| O|  |TAMS 0x0000000084800000, 0x0000000084800000| Untracked 
|  19|0x0000000084900000, 0x0000000084a00000, 0x0000000084a00000|100%| O|  |TAMS 0x0000000084900000, 0x0000000084900000| Untracked 
|  20|0x0000000084a00000, 0x0000000084a9b200, 0x0000000084b00000| 60%| O|  |TAMS 0x0000000084a00000, 0x0000000084a00000| Untracked 
|  21|0x0000000084b00000, 0x0000000084c00000, 0x0000000084c00000|100%|HS|  |TAMS 0x0000000084b00000, 0x0000000084b00000| Complete 
|  22|0x0000000084c00000, 0x0000000084d00000, 0x0000000084d00000|100%|HC|  |TAMS 0x0000000084c00000, 0x0000000084c00000| Complete 
|  23|0x0000000084d00000, 0x0000000084e00000, 0x0000000084e00000|100%|HC|  |TAMS 0x0000000084d00000, 0x0000000084d00000| Complete 
|  24|0x0000000084e00000, 0x0000000084f00000, 0x0000000084f00000|100%|HC|  |TAMS 0x0000000084e00000, 0x0000000084e00000| Complete 
|  25|0x0000000084f00000, 0x0000000085000000, 0x0000000085000000|100%|HC|  |TAMS 0x0000000084f00000, 0x0000000084f00000| Complete 
|  26|0x0000000085000000, 0x0000000085000000, 0x0000000085100000|  0%| F|  |TAMS 0x0000000085000000, 0x0000000085000000| Untracked 
|  27|0x0000000085100000, 0x0000000085100000, 0x0000000085200000|  0%| F|  |TAMS 0x0000000085100000, 0x0000000085100000| Untracked 
|  28|0x0000000085200000, 0x0000000085200000, 0x0000000085300000|  0%| F|  |TAMS 0x0000000085200000, 0x0000000085200000| Untracked 
|  29|0x0000000085300000, 0x0000000085300000, 0x0000000085400000|  0%| F|  |TAMS 0x0000000085300000, 0x0000000085300000| Untracked 
|  30|0x0000000085400000, 0x0000000085400000, 0x0000000085500000|  0%| F|  |TAMS 0x0000000085400000, 0x0000000085400000| Untracked 
|  31|0x0000000085500000, 0x0000000085500000, 0x0000000085600000|  0%| F|  |TAMS 0x0000000085500000, 0x0000000085500000| Untracked 
|  32|0x0000000085600000, 0x0000000085600000, 0x0000000085700000|  0%| F|  |TAMS 0x0000000085600000, 0x0000000085600000| Untracked 
|  33|0x0000000085700000, 0x0000000085700000, 0x0000000085800000|  0%| F|  |TAMS 0x0000000085700000, 0x0000000085700000| Untracked 
|  34|0x0000000085800000, 0x0000000085800000, 0x0000000085900000|  0%| F|  |TAMS 0x0000000085800000, 0x0000000085800000| Untracked 
|  35|0x0000000085900000, 0x0000000085900000, 0x0000000085a00000|  0%| F|  |TAMS 0x0000000085900000, 0x0000000085900000| Untracked 
|  36|0x0000000085a00000, 0x0000000085a00000, 0x0000000085b00000|  0%| F|  |TAMS 0x0000000085a00000, 0x0000000085a00000| Untracked 
|  37|0x0000000085b00000, 0x0000000085b00000, 0x0000000085c00000|  0%| F|  |TAMS 0x0000000085b00000, 0x0000000085b00000| Untracked 
|  38|0x0000000085c00000, 0x0000000085c00000, 0x0000000085d00000|  0%| F|  |TAMS 0x0000000085c00000, 0x0000000085c00000| Untracked 
|  39|0x0000000085d00000, 0x0000000085d00000, 0x0000000085e00000|  0%| F|  |TAMS 0x0000000085d00000, 0x0000000085d00000| Untracked 
|  40|0x0000000085e00000, 0x0000000085e00000, 0x0000000085f00000|  0%| F|  |TAMS 0x0000000085e00000, 0x0000000085e00000| Untracked 
|  41|0x0000000085f00000, 0x0000000085f00000, 0x0000000086000000|  0%| F|  |TAMS 0x0000000085f00000, 0x0000000085f00000| Untracked 
|  42|0x0000000086000000, 0x0000000086000000, 0x0000000086100000|  0%| F|  |TAMS 0x0000000086000000, 0x0000000086000000| Untracked 
|  43|0x0000000086100000, 0x0000000086100000, 0x0000000086200000|  0%| F|  |TAMS 0x0000000086100000, 0x0000000086100000| Untracked 
|  44|0x0000000086200000, 0x0000000086200000, 0x0000000086300000|  0%| F|  |TAMS 0x0000000086200000, 0x0000000086200000| Untracked 
|  45|0x0000000086300000, 0x0000000086300000, 0x0000000086400000|  0%| F|  |TAMS 0x0000000086300000, 0x0000000086300000| Untracked 
|  46|0x0000000086400000, 0x0000000086400000, 0x0000000086500000|  0%| F|  |TAMS 0x0000000086400000, 0x0000000086400000| Untracked 
|  47|0x0000000086500000, 0x0000000086500000, 0x0000000086600000|  0%| F|  |TAMS 0x0000000086500000, 0x0000000086500000| Untracked 
|  48|0x0000000086600000, 0x0000000086600000, 0x0000000086700000|  0%| F|  |TAMS 0x0000000086600000, 0x0000000086600000| Untracked 
|  49|0x0000000086700000, 0x0000000086700000, 0x0000000086800000|  0%| F|  |TAMS 0x0000000086700000, 0x0000000086700000| Untracked 
|  50|0x0000000086800000, 0x0000000086800000, 0x0000000086900000|  0%| F|  |TAMS 0x0000000086800000, 0x0000000086800000| Untracked 
|  51|0x0000000086900000, 0x0000000086900000, 0x0000000086a00000|  0%| F|  |TAMS 0x0000000086900000, 0x0000000086900000| Untracked 
|  52|0x0000000086a00000, 0x0000000086a00000, 0x0000000086b00000|  0%| F|  |TAMS 0x0000000086a00000, 0x0000000086a00000| Untracked 
|  53|0x0000000086b00000, 0x0000000086b6aa30, 0x0000000086c00000| 41%| E|  |TAMS 0x0000000086b00000, 0x0000000086b00000| Complete 
|  54|0x0000000086c00000, 0x0000000086d00000, 0x0000000086d00000|100%| E|CS|TAMS 0x0000000086c00000, 0x0000000086c00000| Complete 
|  55|0x0000000086d00000, 0x0000000086e00000, 0x0000000086e00000|100%| E|CS|TAMS 0x0000000086d00000, 0x0000000086d00000| Complete 
| 107|0x000000008a100000, 0x000000008a200000, 0x000000008a200000|100%| E|CS|TAMS 0x000000008a100000, 0x000000008a100000| Complete 
| 108|0x000000008a200000, 0x000000008a300000, 0x000000008a300000|100%| E|CS|TAMS 0x000000008a200000, 0x000000008a200000| Complete 
| 109|0x000000008a300000, 0x000000008a400000, 0x000000008a400000|100%| E|CS|TAMS 0x000000008a300000, 0x000000008a300000| Complete 
| 110|0x000000008a400000, 0x000000008a500000, 0x000000008a500000|100%| E|CS|TAMS 0x000000008a400000, 0x000000008a400000| Complete 
| 111|0x000000008a500000, 0x000000008a600000, 0x000000008a600000|100%| E|CS|TAMS 0x000000008a500000, 0x000000008a500000| Complete 
| 112|0x000000008a600000, 0x000000008a700000, 0x000000008a700000|100%| E|CS|TAMS 0x000000008a600000, 0x000000008a600000| Complete 
| 113|0x000000008a700000, 0x000000008a7f7ba0, 0x000000008a800000| 96%| S|CS|TAMS 0x000000008a700000, 0x000000008a700000| Complete 
| 125|0x000000008b300000, 0x000000008b400000, 0x000000008b400000|100%| E|CS|TAMS 0x000000008b300000, 0x000000008b300000| Complete 

Card table byte_map: [0x000001b7798e0000,0x000001b779cd0000] _byte_map_base: 0x000001b7794c5000

Marking Bits (Prev, Next): (CMBitMap*) 0x000001b766b7b570, (CMBitMap*) 0x000001b766b7b530
 Prev Bits: [0x000001b77bff0000, 0x000001b77df18000)
 Next Bits: [0x000001b77a0c0000, 0x000001b77bfe8000)

Polling page: 0x000001b7662c0000

Metaspace:

Usage:
  Non-class:     28.35 MB used.
      Class:      3.57 MB used.
       Both:     31.92 MB used.

Virtual space:
  Non-class space:       64.00 MB reserved,      28.50 MB ( 45%) committed,  1 nodes.
      Class space:        1.00 GB reserved,       3.69 MB ( <1%) committed,  1 nodes.
             Both:        1.06 GB reserved,      32.19 MB (  3%) committed. 

Chunk freelists:
   Non-Class:  2.72 MB
       Class:  12.26 MB
        Both:  14.98 MB

MaxMetaspaceSize: unlimited
CompressedClassSpaceSize: 1.00 GB
Initial GC threshold: 21.00 MB
Current GC threshold: 35.12 MB
CDS: off
MetaspaceReclaimPolicy: balanced
 - commit_granule_bytes: 65536.
 - commit_granule_words: 8192.
 - virtual_space_node_default_size: 8388608.
 - enlarge_chunks_in_place: 1.
 - new_chunks_are_fully_committed: 0.
 - uncommit_free_chunks: 1.
 - use_allocation_guard: 0.
 - handle_deallocations: 1.


Internal statistics:

num_allocs_failed_limit: 3.
num_arena_births: 220.
num_arena_deaths: 0.
num_vsnodes_births: 2.
num_vsnodes_deaths: 0.
num_space_committed: 515.
num_space_uncommitted: 0.
num_chunks_returned_to_freelist: 3.
num_chunks_taken_from_freelist: 857.
num_chunk_merges: 0.
num_chunk_splits: 573.
num_chunks_enlarged: 445.
num_inconsistent_stats: 0.

CodeHeap 'non-profiled nmethods': size=120000Kb used=1163Kb max_used=1163Kb free=118836Kb
 bounds [0x000001b771c90000, 0x000001b771f00000, 0x000001b7791c0000]
CodeHeap 'profiled nmethods': size=120000Kb used=5472Kb max_used=5472Kb free=114527Kb
 bounds [0x000001b76a1c0000, 0x000001b76a720000, 0x000001b7716f0000]
CodeHeap 'non-nmethods': size=5760Kb used=1292Kb max_used=1303Kb free=4467Kb
 bounds [0x000001b7716f0000, 0x000001b771960000, 0x000001b771c90000]
 total_blobs=3296 nmethods=2698 adapters=510
 compilation: enabled
              stopped_count=0, restarted_count=0
 full_count=0

Compilation events (20 events):
Event: 8.346 Thread 0x000001b700a8f090 2646       1       sun.reflect.annotation.AnnotationType::retention (5 bytes)
Event: 8.346 Thread 0x000001b700a8f090 nmethod 2646 0x000001b771db1390 code [0x000001b771db1520, 0x000001b771db15f8]
Event: 8.346 Thread 0x000001b700a8f090 2647       3       jdk.internal.loader.AbstractClassLoaderValue::map (20 bytes)
Event: 8.346 Thread 0x000001b700a8f090 nmethod 2647 0x000001b76a6fa390 code [0x000001b76a6fa540, 0x000001b76a6fa808]
Event: 8.346 Thread 0x000001b700a8f090 2648       1       org.testng.shaded.com.google.gson.reflect.TypeToken::hashCode (5 bytes)
Event: 8.346 Thread 0x000001b700a8f090 nmethod 2648 0x000001b771db1690 code [0x000001b771db1820, 0x000001b771db18f8]
Event: 8.346 Thread 0x000001b700a8f090 2650       3       java.io.BufferedWriter::ensureOpen (18 bytes)
Event: 8.346 Thread 0x000001b700a8f090 nmethod 2650 0x000001b76a6fa910 code [0x000001b76a6faac0, 0x000001b76a6facc8]
Event: 8.346 Thread 0x000001b700a8f090 2651   !   3       java.io.BufferedWriter::write (117 bytes)
Event: 8.347 Thread 0x000001b700a8f090 nmethod 2651 0x000001b76a6fad90 code [0x000001b76a6faf80, 0x000001b76a6fb568]
Event: 8.347 Thread 0x000001b700a8f090 2652       3       java.io.Writer::write (11 bytes)
Event: 8.347 Thread 0x000001b700a8f090 nmethod 2652 0x000001b76a6fb910 code [0x000001b76a6fbac0, 0x000001b76a6fbd88]
Event: 8.347 Thread 0x000001b700a8f090 2653       3       java.io.BufferedWriter::min (9 bytes)
Event: 8.348 Thread 0x000001b700a8f090 nmethod 2653 0x000001b76a6fbf10 code [0x000001b76a6fc0a0, 0x000001b76a6fc218]
Event: 8.348 Thread 0x000001b700a8f090 2649       1       java.util.Collections$SingletonList::size (2 bytes)
Event: 8.348 Thread 0x000001b700a8f090 nmethod 2649 0x000001b771db1990 code [0x000001b771db1b20, 0x000001b771db1bf8]
Event: 8.349 Thread 0x000001b700a8f090 2654       3       java.lang.invoke.MethodType::dropParameterTypes (162 bytes)
Event: 8.350 Thread 0x000001b700a8f090 nmethod 2654 0x000001b76a6fc290 code [0x000001b76a6fc580, 0x000001b76a6fd4a8]
Event: 8.351 Thread 0x000001b700a8f090 2655       3       java.nio.CharBuffer::hasArray (20 bytes)
Event: 8.351 Thread 0x000001b700a8f090 nmethod 2655 0x000001b76a6fd990 code [0x000001b76a6fdb20, 0x000001b76a6fdcd8]

GC Heap History (10 events):
Event: 1.781 GC heap before
{Heap before GC invocations=0 (full 0):
 garbage-first heap   total 129024K, used 25600K [0x0000000083600000, 0x0000000100000000)
  region size 1024K, 23 young (23552K), 0 survivors (0K)
 Metaspace       used 14500K, committed 14720K, reserved 1114112K
  class space    used 1434K, committed 1536K, reserved 1048576K
}
Event: 1.789 GC heap after
{Heap after GC invocations=1 (full 0):
 garbage-first heap   total 129024K, used 9248K [0x0000000083600000, 0x0000000100000000)
  region size 1024K, 3 young (3072K), 3 survivors (3072K)
 Metaspace       used 14500K, committed 14720K, reserved 1114112K
  class space    used 1434K, committed 1536K, reserved 1048576K
}
Event: 2.908 GC heap before
{Heap before GC invocations=1 (full 0):
 garbage-first heap   total 129024K, used 36896K [0x0000000083600000, 0x0000000100000000)
  region size 1024K, 30 young (30720K), 3 survivors (3072K)
 Metaspace       used 20747K, committed 20928K, reserved 1114112K
  class space    used 2048K, committed 2112K, reserved 1048576K
}
Event: 2.920 GC heap after
{Heap after GC invocations=2 (full 0):
 garbage-first heap   total 129024K, used 15203K [0x0000000083600000, 0x0000000100000000)
  region size 1024K, 4 young (4096K), 4 survivors (4096K)
 Metaspace       used 20747K, committed 20928K, reserved 1114112K
  class space    used 2048K, committed 2112K, reserved 1048576K
}
Event: 3.152 GC heap before
{Heap before GC invocations=2 (full 0):
 garbage-first heap   total 129024K, used 26467K [0x0000000083600000, 0x0000000100000000)
  region size 1024K, 16 young (16384K), 4 survivors (4096K)
 Metaspace       used 21288K, committed 21504K, reserved 1114112K
  class space    used 2104K, committed 2240K, reserved 1048576K
}
Event: 3.163 GC heap after
{Heap after GC invocations=3 (full 0):
 garbage-first heap   total 129024K, used 18112K [0x0000000083600000, 0x0000000100000000)
  region size 1024K, 7 young (7168K), 7 survivors (7168K)
 Metaspace       used 21288K, committed 21504K, reserved 1114112K
  class space    used 2104K, committed 2240K, reserved 1048576K
}
Event: 5.634 GC heap before
{Heap before GC invocations=4 (full 0):
 garbage-first heap   total 65536K, used 47808K [0x0000000083600000, 0x0000000100000000)
  region size 1024K, 37 young (37888K), 7 survivors (7168K)
 Metaspace       used 30507K, committed 30784K, reserved 1114112K
  class space    used 3324K, committed 3456K, reserved 1048576K
}
Event: 5.649 GC heap after
{Heap after GC invocations=5 (full 0):
 garbage-first heap   total 65536K, used 20165K [0x0000000083600000, 0x0000000100000000)
  region size 1024K, 5 young (5120K), 5 survivors (5120K)
 Metaspace       used 30507K, committed 30784K, reserved 1114112K
  class space    used 3324K, committed 3456K, reserved 1048576K
}
Event: 5.684 GC heap before
{Heap before GC invocations=5 (full 0):
 garbage-first heap   total 65536K, used 20165K [0x0000000083600000, 0x0000000100000000)
  region size 1024K, 6 young (6144K), 5 survivors (5120K)
 Metaspace       used 30860K, committed 31168K, reserved 1114112K
  class space    used 3385K, committed 3520K, reserved 1048576K
}
Event: 5.692 GC heap after
{Heap after GC invocations=6 (full 0):
 garbage-first heap   total 65536K, used 21067K [0x0000000083600000, 0x0000000100000000)
  region size 1024K, 1 young (1024K), 1 survivors (1024K)
 Metaspace       used 30860K, committed 31168K, reserved 1114112K
  class space    used 3385K, committed 3520K, reserved 1048576K
}

Dll operation events (9 events):
Event: 0.044 Loaded shared library C:\Users\SynccIT\.p2\pool\plugins\org.eclipse.justj.openjdk.hotspot.jre.full.win32.x86_64_17.0.8.v20230831-1047\jre\bin\java.dll
Event: 0.469 Loaded shared library C:\Users\SynccIT\.p2\pool\plugins\org.eclipse.justj.openjdk.hotspot.jre.full.win32.x86_64_17.0.8.v20230831-1047\jre\bin\net.dll
Event: 0.479 Loaded shared library C:\Users\SynccIT\.p2\pool\plugins\org.eclipse.justj.openjdk.hotspot.jre.full.win32.x86_64_17.0.8.v20230831-1047\jre\bin\nio.dll
Event: 0.497 Loaded shared library C:\Users\SynccIT\.p2\pool\plugins\org.eclipse.justj.openjdk.hotspot.jre.full.win32.x86_64_17.0.8.v20230831-1047\jre\bin\zip.dll
Event: 0.697 Loaded shared library C:\Users\SynccIT\.p2\pool\plugins\org.eclipse.justj.openjdk.hotspot.jre.full.win32.x86_64_17.0.8.v20230831-1047\jre\bin\jimage.dll
Event: 2.429 Loaded shared library C:\Users\SynccIT\.p2\pool\plugins\org.eclipse.justj.openjdk.hotspot.jre.full.win32.x86_64_17.0.8.v20230831-1047\jre\bin\verify.dll
Event: 3.600 Loaded shared library C:\Users\SynccIT\.p2\pool\plugins\org.eclipse.justj.openjdk.hotspot.jre.full.win32.x86_64_17.0.8.v20230831-1047\jre\bin\management.dll
Event: 3.630 Loaded shared library C:\Users\SynccIT\.p2\pool\plugins\org.eclipse.justj.openjdk.hotspot.jre.full.win32.x86_64_17.0.8.v20230831-1047\jre\bin\management_ext.dll
Event: 3.823 Loaded shared library C:\Users\SynccIT\.p2\pool\plugins\org.eclipse.justj.openjdk.hotspot.jre.full.win32.x86_64_17.0.8.v20230831-1047\jre\bin\sunmscapi.dll

Deoptimization events (20 events):
Event: 4.543 Thread 0x000001b766b1c5a0 Uncommon trap: trap_request=0xffffffde fr.pc=0x000001b771d5248c relative=0x000000000000026c
Event: 4.543 Thread 0x000001b766b1c5a0 Uncommon trap: reason=class_check action=maybe_recompile pc=0x000001b771d5248c method=java.util.regex.Matcher.search(I)Z @ 121 c2
Event: 4.543 Thread 0x000001b766b1c5a0 DEOPT PACKING pc=0x000001b771d5248c sp=0x0000009ab5dfc980
Event: 4.543 Thread 0x000001b766b1c5a0 DEOPT UNPACKING pc=0x000001b77174a1a3 sp=0x0000009ab5dfc910 mode 2
Event: 4.574 Thread 0x000001b766b1c5a0 Uncommon trap: trap_request=0xffffff45 fr.pc=0x000001b771cf733c relative=0x000000000000061c
Event: 4.574 Thread 0x000001b766b1c5a0 Uncommon trap: reason=unstable_if action=reinterpret pc=0x000001b771cf733c method=java.lang.String.replace(CC)Ljava/lang/String; @ 2 c2
Event: 4.574 Thread 0x000001b766b1c5a0 DEOPT PACKING pc=0x000001b771cf733c sp=0x0000009ab5dfd5b0
Event: 4.574 Thread 0x000001b766b1c5a0 DEOPT UNPACKING pc=0x000001b77174a1a3 sp=0x0000009ab5dfd560 mode 2
Event: 5.054 Thread 0x000001b766b1c5a0 Uncommon trap: trap_request=0xffffff45 fr.pc=0x000001b771d12bb0 relative=0x00000000000051d0
Event: 5.054 Thread 0x000001b766b1c5a0 Uncommon trap: reason=unstable_if action=reinterpret pc=0x000001b771d12bb0 method=jdk.internal.org.objectweb.asm.Type.getArgumentsAndReturnSizes(Ljava/lang/String;)I @ 123 c2
Event: 5.054 Thread 0x000001b766b1c5a0 DEOPT PACKING pc=0x000001b771d12bb0 sp=0x0000009ab5dfbc00
Event: 5.054 Thread 0x000001b766b1c5a0 DEOPT UNPACKING pc=0x000001b77174a1a3 sp=0x0000009ab5dfbab8 mode 2
Event: 5.664 Thread 0x000001b707352390 Uncommon trap: trap_request=0xffffff45 fr.pc=0x000001b771d71054 relative=0x0000000000000054
Event: 5.664 Thread 0x000001b707352390 Uncommon trap: reason=unstable_if action=reinterpret pc=0x000001b771d71054 method=java.lang.CharacterData.of(I)Ljava/lang/CharacterData; @ 15 c2
Event: 5.664 Thread 0x000001b707352390 DEOPT PACKING pc=0x000001b771d71054 sp=0x0000009ab83fd890
Event: 5.664 Thread 0x000001b707352390 DEOPT UNPACKING pc=0x000001b77174a1a3 sp=0x0000009ab83fd818 mode 2
Event: 8.345 Thread 0x000001b766b1c5a0 Uncommon trap: trap_request=0xffffffde fr.pc=0x000001b771d93054 relative=0x00000000000010b4
Event: 8.345 Thread 0x000001b766b1c5a0 Uncommon trap: reason=class_check action=maybe_recompile pc=0x000001b771d93054 method=java.util.concurrent.ConcurrentHashMap.putVal(Ljava/lang/Object;Ljava/lang/Object;Z)Ljava/lang/Object; @ 242 c2
Event: 8.345 Thread 0x000001b766b1c5a0 DEOPT PACKING pc=0x000001b771d93054 sp=0x0000009ab5dfdfb0
Event: 8.346 Thread 0x000001b766b1c5a0 DEOPT UNPACKING pc=0x000001b77174a1a3 sp=0x0000009ab5dfdf30 mode 2

Classes unloaded (0 events):
No events

Classes redefined (0 events):
No events

Internal exceptions (20 events):
Event: 4.673 Thread 0x000001b7073541f0 Exception <a 'java/net/ConnectException'{0x0000000085a57960}: Connection refused: no further information> (0x0000000085a57960) 
thrown [s\src\hotspot\share\prims\jni.cpp, line 535]
Event: 4.673 Thread 0x000001b7073541f0 Exception <a 'java/net/SocketException'{0x0000000085a57c98}: Socket is not connected: shutdown> (0x0000000085a57c98) 
thrown [s\src\hotspot\share\prims\jni.cpp, line 535]
Event: 4.688 Thread 0x000001b7073541f0 Exception <a 'java/net/ConnectException'{0x0000000085a58d00}: Connection refused: no further information> (0x0000000085a58d00) 
thrown [s\src\hotspot\share\prims\jni.cpp, line 535]
Event: 4.688 Thread 0x000001b7073541f0 Exception <a 'java/net/SocketException'{0x0000000085a59038}: Socket is not connected: shutdown> (0x0000000085a59038) 
thrown [s\src\hotspot\share\prims\jni.cpp, line 535]
Event: 4.719 Thread 0x000001b7073541f0 Exception <a 'java/net/ConnectException'{0x0000000085a59fd0}: Connection refused: no further information> (0x0000000085a59fd0) 
thrown [s\src\hotspot\share\prims\jni.cpp, line 535]
Event: 4.719 Thread 0x000001b7073541f0 Exception <a 'java/net/SocketException'{0x0000000085a5a308}: Socket is not connected: shutdown> (0x0000000085a5a308) 
thrown [s\src\hotspot\share\prims\jni.cpp, line 535]
Event: 4.766 Thread 0x000001b7073541f0 Exception <a 'java/net/ConnectException'{0x0000000085a5b2a0}: Connection refused: no further information> (0x0000000085a5b2a0) 
thrown [s\src\hotspot\share\prims\jni.cpp, line 535]
Event: 4.766 Thread 0x000001b7073541f0 Exception <a 'java/net/SocketException'{0x0000000085a5b5d8}: Socket is not connected: shutdown> (0x0000000085a5b5d8) 
thrown [s\src\hotspot\share\prims\jni.cpp, line 535]
Event: 4.863 Thread 0x000001b7073541f0 Exception <a 'java/net/ConnectException'{0x0000000085a5c570}: Connection refused: no further information> (0x0000000085a5c570) 
thrown [s\src\hotspot\share\prims\jni.cpp, line 535]
Event: 4.863 Thread 0x000001b7073541f0 Exception <a 'java/net/SocketException'{0x0000000085a5c8a8}: Socket is not connected: shutdown> (0x0000000085a5c8a8) 
thrown [s\src\hotspot\share\prims\jni.cpp, line 535]
Event: 5.054 Thread 0x000001b766b1c5a0 Exception <a 'java/lang/NoSuchMethodError'{0x0000000085ad1370}: 'double java.lang.invoke.DirectMethodHandle$Holder.invokeVirtual(java.lang.Object, java.lang.Object)'> (0x0000000085ad1370) 
thrown [s\src\hotspot\share\interpreter\linkResolver.cpp, line 759]
Event: 5.056 Thread 0x000001b766b1c5a0 Exception <a 'java/lang/NoSuchMethodError'{0x0000000085ad7b18}: 'float java.lang.invoke.DirectMethodHandle$Holder.invokeVirtual(java.lang.Object, java.lang.Object)'> (0x0000000085ad7b18) 
thrown [s\src\hotspot\share\interpreter\linkResolver.cpp, line 759]
Event: 5.057 Thread 0x000001b766b1c5a0 Exception <a 'java/lang/NoSuchMethodError'{0x0000000085ae0af8}: 'long java.lang.invoke.DirectMethodHandle$Holder.invokeVirtual(java.lang.Object, java.lang.Object)'> (0x0000000085ae0af8) 
thrown [s\src\hotspot\share\interpreter\linkResolver.cpp, line 759]
Event: 5.116 Thread 0x000001b766b1c5a0 Exception <a 'java/lang/NoSuchMethodError'{0x000000008582c300}: 'void java.lang.invoke.DirectMethodHandle$Holder.invokeSpecial(java.lang.Object, java.lang.Object, java.lang.Object, java.lang.Object, java.lang.Object)'> (0x000000008582c300) 
thrown [s\src\hotspot\share\interpreter\linkResolver.cpp, line 759]
Event: 5.117 Thread 0x000001b766b1c5a0 Exception <a 'java/lang/NoSuchMethodError'{0x00000000858331e0}: 'void java.lang.invoke.DirectMethodHandle$Holder.invokeStatic(java.lang.Object, java.lang.Object, int)'> (0x00000000858331e0) 
thrown [s\src\hotspot\share\interpreter\linkResolver.cpp, line 759]
Event: 5.156 Thread 0x000001b766b1c5a0 Exception <a 'java/lang/NoSuchMethodError'{0x0000000085719948}: 'java.lang.Object java.lang.invoke.DirectMethodHandle$Holder.newInvokeSpecial(java.lang.Object, java.lang.Object, java.lang.Object, java.lang.Object, java.lang.Object)'> (0x0000000085719948) 
thrown [s\src\hotspot\share\interpreter\linkResolver.cpp, line 759]
Event: 5.211 Thread 0x000001b766b1c5a0 Exception <a 'java/lang/NoSuchMethodError'{0x0000000085669900}: 'int java.lang.invoke.DirectMethodHandle$Holder.invokeSpecialIFC(java.lang.Object, java.lang.Object, java.lang.Object)'> (0x0000000085669900) 
thrown [s\src\hotspot\share\interpreter\linkResolver.cpp, line 759]
Event: 5.321 Thread 0x000001b766b1c5a0 Exception <a 'java/lang/NoSuchMethodError'{0x000000008533d7f8}: 'void java.lang.invoke.DirectMethodHandle$Holder.invokeSpecial(java.lang.Object, java.lang.Object, java.lang.Object, java.lang.Object, java.lang.Object, java.lang.Object)'> (0x000000008533d7f8) 
thrown [s\src\hotspot\share\interpreter\linkResolver.cpp, line 759]
Event: 8.280 Thread 0x000001b766b1c5a0 Exception <a 'java/lang/NoSuchMethodError'{0x000000008a3dee00}: 'java.lang.Object java.lang.invoke.DirectMethodHandle$Holder.invokeSpecialIFC(java.lang.Object, java.lang.Object, java.lang.Object)'> (0x000000008a3dee00) 
thrown [s\src\hotspot\share\interpreter\linkResolver.cpp, line 759]
Event: 8.337 Thread 0x000001b766b1c5a0 Exception <a 'java/lang/reflect/InvocationTargetException'{0x000000008a1855a0}> (0x000000008a1855a0) 
thrown [s\src\hotspot\share\runtime\reflection.cpp, line 1121]

VM Operations (20 events):
Event: 3.183 Executing VM operation: G1PauseCleanup
Event: 3.184 Executing VM operation: G1PauseCleanup done
Event: 4.186 Executing VM operation: Cleanup
Event: 4.186 Executing VM operation: Cleanup done
Event: 5.030 Executing VM operation: HandshakeAllThreads
Event: 5.030 Executing VM operation: HandshakeAllThreads done
Event: 5.031 Executing VM operation: HandshakeAllThreads
Event: 5.031 Executing VM operation: HandshakeAllThreads done
Event: 5.033 Executing VM operation: HandshakeAllThreads
Event: 5.033 Executing VM operation: HandshakeAllThreads done
Event: 5.215 Executing VM operation: HandshakeAllThreads
Event: 5.215 Executing VM operation: HandshakeAllThreads done
Event: 5.215 Executing VM operation: Cleanup
Event: 5.216 Executing VM operation: Cleanup done
Event: 5.634 Executing VM operation: G1CollectForAllocation
Event: 5.649 Executing VM operation: G1CollectForAllocation done
Event: 5.684 Executing VM operation: G1CollectForAllocation
Event: 5.692 Executing VM operation: G1CollectForAllocation done
Event: 6.707 Executing VM operation: Cleanup
Event: 6.707 Executing VM operation: Cleanup done

Events (20 events):
Event: 5.807 loading class sun/nio/ch/AllocatedNativeObject done
Event: 5.807 loading class sun/nio/ch/IOVecWrapper$Deallocator
Event: 5.807 loading class sun/nio/ch/IOVecWrapper$Deallocator done
Event: 8.236 loading class java/util/DualPivotQuicksort
Event: 8.236 loading class java/util/DualPivotQuicksort done
Event: 8.277 loading class java/math/MathContext
Event: 8.277 loading class java/math/MathContext done
Event: 8.315 loading class java/util/concurrent/ConcurrentLinkedDeque$Itr
Event: 8.316 loading class java/util/concurrent/ConcurrentLinkedDeque$AbstractItr
Event: 8.316 loading class java/util/concurrent/ConcurrentLinkedDeque$AbstractItr done
Event: 8.316 loading class java/util/concurrent/ConcurrentLinkedDeque$Itr done
Event: 8.332 Thread 0x000001b707354c10 Thread added: 0x000001b707354c10
Event: 8.337 loading class java/util/concurrent/CompletionException
Event: 8.337 loading class java/util/concurrent/CompletionException done
Event: 8.339 loading class java/lang/Throwable$WrappedPrintWriter
Event: 8.339 loading class java/lang/Throwable$PrintStreamOrWriter
Event: 8.339 loading class java/lang/Throwable$PrintStreamOrWriter done
Event: 8.339 loading class java/lang/Throwable$WrappedPrintWriter done
Event: 8.347 loading class jdk/internal/reflect/UnsafeLongFieldAccessorImpl
Event: 8.348 loading class jdk/internal/reflect/UnsafeLongFieldAccessorImpl done


Dynamic libraries:
0x00007ff771f90000 - 0x00007ff771f9e000 	C:\Users\SynccIT\.p2\pool\plugins\org.eclipse.justj.openjdk.hotspot.jre.full.win32.x86_64_17.0.8.v20230831-1047\jre\bin\javaw.exe
0x00007ffcd1470000 - 0x00007ffcd1687000 	C:\WINDOWS\SYSTEM32\ntdll.dll
0x00007ffccf450000 - 0x00007ffccf514000 	C:\WINDOWS\System32\KERNEL32.dll
0x00007ffcce390000 - 0x00007ffcce4ab000 	C:\Windows\system32\hmpalert.dll
0x00007ffcce7f0000 - 0x00007ffcceb96000 	C:\WINDOWS\System32\KERNELBASE.dll
0x00007ffccf080000 - 0x00007ffccf191000 	C:\WINDOWS\System32\ucrtbase.dll
0x00007ffcc92f0000 - 0x00007ffcc9307000 	C:\Users\SynccIT\.p2\pool\plugins\org.eclipse.justj.openjdk.hotspot.jre.full.win32.x86_64_17.0.8.v20230831-1047\jre\bin\jli.dll
0x00007ffccfb30000 - 0x00007ffccfcdd000 	C:\WINDOWS\System32\USER32.dll
0x00007ffccf1a0000 - 0x00007ffccf1c6000 	C:\WINDOWS\System32\win32u.dll
0x00007ffccf530000 - 0x00007ffccf559000 	C:\WINDOWS\System32\GDI32.dll
0x00007ffccece0000 - 0x00007ffccedf8000 	C:\WINDOWS\System32\gdi32full.dll
0x00007ffccef70000 - 0x00007ffccf00a000 	C:\WINDOWS\System32\msvcp_win.dll
0x00007ffcc92d0000 - 0x00007ffcc92e9000 	C:\Users\SynccIT\.p2\pool\plugins\org.eclipse.justj.openjdk.hotspot.jre.full.win32.x86_64_17.0.8.v20230831-1047\jre\bin\VCRUNTIME140.dll
0x00007ffcb1cb0000 - 0x00007ffcb1f43000 	C:\WINDOWS\WinSxS\amd64_microsoft.windows.common-controls_6595b64144ccf1df_6.0.22621.2361_none_2712ced57382f843\COMCTL32.dll
0x00007ffccf320000 - 0x00007ffccf3c7000 	C:\WINDOWS\System32\msvcrt.dll
0x00007ffccfd50000 - 0x00007ffccfd81000 	C:\WINDOWS\System32\IMM32.DLL
0x00007ffccb690000 - 0x00007ffccb69c000 	C:\Users\SynccIT\.p2\pool\plugins\org.eclipse.justj.openjdk.hotspot.jre.full.win32.x86_64_17.0.8.v20230831-1047\jre\bin\vcruntime140_1.dll
0x00007ffc9a760000 - 0x00007ffc9a7f1000 	C:\Users\SynccIT\.p2\pool\plugins\org.eclipse.justj.openjdk.hotspot.jre.full.win32.x86_64_17.0.8.v20230831-1047\jre\bin\msvcp140.dll
0x00007ffc772f0000 - 0x00007ffc77f3c000 	C:\Users\SynccIT\.p2\pool\plugins\org.eclipse.justj.openjdk.hotspot.jre.full.win32.x86_64_17.0.8.v20230831-1047\jre\bin\server\jvm.dll
0x00007ffccf560000 - 0x00007ffccf610000 	C:\WINDOWS\System32\ADVAPI32.dll
0x00007ffcd1360000 - 0x00007ffcd1406000 	C:\WINDOWS\System32\sechost.dll
0x00007ffcd0f50000 - 0x00007ffcd1067000 	C:\WINDOWS\System32\RPCRT4.dll
0x00007ffccd520000 - 0x00007ffccd56d000 	C:\WINDOWS\SYSTEM32\POWRPROF.dll
0x00007ffcc7510000 - 0x00007ffcc7544000 	C:\WINDOWS\SYSTEM32\WINMM.dll
0x00007ffccc2b0000 - 0x00007ffccc2b9000 	C:\WINDOWS\SYSTEM32\WSOCK32.dll
0x00007ffccfab0000 - 0x00007ffccfb21000 	C:\WINDOWS\System32\WS2_32.dll
0x00007ffcc7920000 - 0x00007ffcc792a000 	C:\WINDOWS\SYSTEM32\VERSION.dll
0x00007ffccd500000 - 0x00007ffccd513000 	C:\WINDOWS\SYSTEM32\UMPDC.dll
0x00007ffccd760000 - 0x00007ffccd778000 	C:\WINDOWS\SYSTEM32\kernel.appcore.dll
0x00007ffcc7e50000 - 0x00007ffcc7e5a000 	C:\Users\SynccIT\.p2\pool\plugins\org.eclipse.justj.openjdk.hotspot.jre.full.win32.x86_64_17.0.8.v20230831-1047\jre\bin\jimage.dll
0x00007ffccc050000 - 0x00007ffccc27e000 	C:\WINDOWS\SYSTEM32\DBGHELP.DLL
0x00007ffcd06b0000 - 0x00007ffcd0a3a000 	C:\WINDOWS\System32\combase.dll
0x00007ffccf720000 - 0x00007ffccf7f7000 	C:\WINDOWS\System32\OLEAUT32.dll
0x00007ffcc47d0000 - 0x00007ffcc4802000 	C:\WINDOWS\SYSTEM32\dbgcore.DLL
0x00007ffccec60000 - 0x00007ffccecda000 	C:\WINDOWS\System32\bcryptPrimitives.dll
0x00007ffcc4830000 - 0x00007ffcc4855000 	C:\Users\SynccIT\.p2\pool\plugins\org.eclipse.justj.openjdk.hotspot.jre.full.win32.x86_64_17.0.8.v20230831-1047\jre\bin\java.dll
0x00007ffcc7da0000 - 0x00007ffcc7db8000 	C:\Users\SynccIT\.p2\pool\plugins\org.eclipse.justj.openjdk.hotspot.jre.full.win32.x86_64_17.0.8.v20230831-1047\jre\bin\zip.dll
0x00007ffccfda0000 - 0x00007ffcd05f8000 	C:\WINDOWS\System32\SHELL32.dll
0x00007ffccc5f0000 - 0x00007ffcccee2000 	C:\WINDOWS\SYSTEM32\windows.storage.dll
0x00007ffccc4b0000 - 0x00007ffccc5ee000 	C:\WINDOWS\SYSTEM32\wintypes.dll
0x00007ffccf1d0000 - 0x00007ffccf2c3000 	C:\WINDOWS\System32\SHCORE.dll
0x00007ffccfce0000 - 0x00007ffccfd3e000 	C:\WINDOWS\System32\shlwapi.dll
0x00007ffcce720000 - 0x00007ffcce746000 	C:\WINDOWS\SYSTEM32\profapi.dll
0x00007ffcc7bb0000 - 0x00007ffcc7bc9000 	C:\Users\SynccIT\.p2\pool\plugins\org.eclipse.justj.openjdk.hotspot.jre.full.win32.x86_64_17.0.8.v20230831-1047\jre\bin\net.dll
0x00007ffcc8750000 - 0x00007ffcc8887000 	C:\WINDOWS\SYSTEM32\WINHTTP.dll
0x00007ffccdc40000 - 0x00007ffccdca9000 	C:\WINDOWS\system32\mswsock.dll
0x00007ffcc7a40000 - 0x00007ffcc7a55000 	C:\Users\SynccIT\.p2\pool\plugins\org.eclipse.justj.openjdk.hotspot.jre.full.win32.x86_64_17.0.8.v20230831-1047\jre\bin\nio.dll
0x00007ffccd1f0000 - 0x00007ffccd2e9000 	C:\WINDOWS\SYSTEM32\DNSAPI.dll
0x00007ffccd1c0000 - 0x00007ffccd1ed000 	C:\WINDOWS\SYSTEM32\IPHLPAPI.DLL
0x00007ffccfd40000 - 0x00007ffccfd49000 	C:\WINDOWS\System32\NSI.dll
0x00007ffcc7bf0000 - 0x00007ffcc7bfa000 	C:\Windows\System32\rasadhlp.dll
0x00007ffcc5c70000 - 0x00007ffcc5cf4000 	C:\WINDOWS\System32\fwpuclnt.dll
0x00007ffccdeb0000 - 0x00007ffccdecb000 	C:\WINDOWS\SYSTEM32\CRYPTSP.dll
0x00007ffccd720000 - 0x00007ffccd755000 	C:\WINDOWS\system32\rsaenh.dll
0x00007ffccdd10000 - 0x00007ffccdd3c000 	C:\WINDOWS\SYSTEM32\USERENV.dll
0x00007ffcce090000 - 0x00007ffcce0b8000 	C:\WINDOWS\SYSTEM32\bcrypt.dll
0x00007ffccded0000 - 0x00007ffccdedc000 	C:\WINDOWS\SYSTEM32\CRYPTBASE.dll
0x00007ffcc7790000 - 0x00007ffcc77a9000 	C:\WINDOWS\SYSTEM32\dhcpcsvc6.DLL
0x00007ffcc7400000 - 0x00007ffcc741f000 	C:\WINDOWS\SYSTEM32\dhcpcsvc.DLL
0x00007ffcc7e30000 - 0x00007ffcc7e40000 	C:\Users\SynccIT\.p2\pool\plugins\org.eclipse.justj.openjdk.hotspot.jre.full.win32.x86_64_17.0.8.v20230831-1047\jre\bin\verify.dll
0x00007ffcc7480000 - 0x00007ffcc7489000 	C:\Users\SynccIT\.p2\pool\plugins\org.eclipse.justj.openjdk.hotspot.jre.full.win32.x86_64_17.0.8.v20230831-1047\jre\bin\management.dll
0x00007ffcc7470000 - 0x00007ffcc747b000 	C:\Users\SynccIT\.p2\pool\plugins\org.eclipse.justj.openjdk.hotspot.jre.full.win32.x86_64_17.0.8.v20230831-1047\jre\bin\management_ext.dll
0x00007ffccfd90000 - 0x00007ffccfd98000 	C:\WINDOWS\System32\PSAPI.DLL
0x00007ffcc7b20000 - 0x00007ffcc7b2e000 	C:\Users\SynccIT\.p2\pool\plugins\org.eclipse.justj.openjdk.hotspot.jre.full.win32.x86_64_17.0.8.v20230831-1047\jre\bin\sunmscapi.dll
0x00007ffccee00000 - 0x00007ffccef66000 	C:\WINDOWS\System32\CRYPT32.dll
0x00007ffcce060000 - 0x00007ffcce08d000 	C:\WINDOWS\SYSTEM32\ncrypt.dll
0x00007ffcce020000 - 0x00007ffcce057000 	C:\WINDOWS\SYSTEM32\NTASN1.dll
0x00007ffcc21a0000 - 0x00007ffcc21a8000 	C:\WINDOWS\system32\wshunix.dll
0x00007ffca9710000 - 0x00007ffca9727000 	C:\WINDOWS\system32\napinsp.dll
0x00007ffca96e0000 - 0x00007ffca96fb000 	C:\WINDOWS\system32\pnrpnsp.dll
0x00007ffca96c0000 - 0x00007ffca96d1000 	C:\WINDOWS\System32\winrnr.dll
0x00007ffca96a0000 - 0x00007ffca96b5000 	C:\WINDOWS\system32\wshbth.dll
0x00007ffca9670000 - 0x00007ffca9691000 	C:\WINDOWS\system32\nlansp_c.dll

dbghelp: loaded successfully - version: 4.0.5 - missing functions: none
symbol engine: initialized successfully - sym options: 0x614 - pdb path: .;C:\Users\SynccIT\.p2\pool\plugins\org.eclipse.justj.openjdk.hotspot.jre.full.win32.x86_64_17.0.8.v20230831-1047\jre\bin;C:\WINDOWS\SYSTEM32;C:\WINDOWS\WinSxS\amd64_microsoft.windows.common-controls_6595b64144ccf1df_6.0.22621.2361_none_2712ced57382f843;C:\Users\SynccIT\.p2\pool\plugins\org.eclipse.justj.openjdk.hotspot.jre.full.win32.x86_64_17.0.8.v20230831-1047\jre\bin\server

VM Arguments:
jvm_args: -ea -Dfile.encoding=UTF-8 -Dstdout.encoding=UTF-8 -Dstderr.encoding=UTF-8 -XX:+ShowCodeDetailsInExceptionMessages 
java_command: org.testng.remote.RemoteTestNG -serport 62289 -protocol json -d C:\Users\SynccIT\OneDrive\Desktop\2023-09 Eclipse\SMPL\test-output C:\Users\SynccIT\AppData\Local\Temp\testng-eclipse-1195142482\testng-customsuite.xml
java_class_path (initial): C:\Users\SynccIT\eclipse\java-2023-09\eclipse\configuration\org.eclipse.osgi\523\0\.cp\lib\testng-remote.jar;C:\Users\SynccIT\OneDrive\Desktop\2023-09 Eclipse\SMPL\target\test-classes;C:\Users\SynccIT\OneDrive\Desktop\2023-09 Eclipse\SMPL\target\classes;C:\Users\SynccIT\.p2\pool\plugins\org.testng_7.4.0.r202105021533.jar;C:\Users\SynccIT\.p2\pool\plugins\com.beust.jcommander_1.78.0.jar;C:\Users\SynccIT\.p2\pool\plugins\org.apache-extras.beanshell.bsh_2.0.0.b6.jar;C:\Users\SynccIT\.p2\pool\plugins\org.yaml.snakeyaml_1.21.0.jar;C:\Users\SynccIT\.p2\pool\plugins\org.webjars.jquery_3.5.1.jar;C:\Users\SynccIT\.m2\repository\org\seleniumhq\selenium\selenium-java\4.10.0\selenium-java-4.10.0.jar;C:\Users\SynccIT\.m2\repository\org\seleniumhq\selenium\selenium-api\4.10.0\selenium-api-4.10.0.jar;C:\Users\SynccIT\.m2\repository\org\seleniumhq\selenium\selenium-chrome-driver\4.10.0\selenium-chrome-driver-4.10.0.jar;C:\Users\SynccIT\.m2\repository\com\google\auto\service\auto-service-annotations\1.0.1\auto-service-annotations-1.0.1.jar;C:\Users\SynccIT\.m2\repository\com\google\auto\service\auto-service\1.0.1\auto-service-1.0.1.jar;C:\Users\SynccIT\.m2\repository\com\google\auto\auto-common\1.2\auto-common-1.2.jar;C:\Users\SynccIT\.m2\repository\com\google\guava\guava\31.1-jre\guava-31.1-jre.jar;C:\Users\SynccIT\.m2\repository\com\google\guava\failureaccess\1.0.1\failureaccess-1.0.1.jar;C:\Users\SynccIT\.m2\repository\com\google\guava\listenablefuture\9999.0-empty-to-avoid-conflict-with-guava\listenablefuture-9999.0-empty-to-avoid-conflict-with-guava.jar;C:\Users\SynccIT\.m2\repository\com\google\code\findbugs\jsr305\3.0.2\jsr305-3.0.2.jar;C:\Users\SynccIT\.m2\repository\org\checkerframework\checker-qual\3.12.0\checker-qual-3.12.0.jar;C:\Users\SynccIT\.m2\repository\com\google\errorprone\error_prone_annotations\2.11.0\error_prone_annotations-2.11.0.jar;C:\Users\SynccIT\.m2\repository\com\google\j2objc\j2objc-annotations\1.3\j2objc-annotations-1.3.jar
Launcher Type: SUN_STANDARD

[Global flags]
     intx CICompilerCount                          = 4                                         {product} {ergonomic}
     uint ConcGCThreads                            = 2                                         {product} {ergonomic}
     uint G1ConcRefinementThreads                  = 8                                         {product} {ergonomic}
   size_t G1HeapRegionSize                         = 1048576                                   {product} {ergonomic}
    uintx GCDrainStackTargetSize                   = 64                                        {product} {ergonomic}
   size_t InitialHeapSize                          = 132120576                                 {product} {ergonomic}
   size_t MarkStackSize                            = 4194304                                   {product} {ergonomic}
   size_t MaxHeapSize                              = 2090860544                                {product} {ergonomic}
   size_t MaxNewSize                               = 1254096896                                {product} {ergonomic}
   size_t MinHeapDeltaBytes                        = 1048576                                   {product} {ergonomic}
   size_t MinHeapSize                              = 8388608                                   {product} {ergonomic}
    uintx NonNMethodCodeHeapSize                   = 5839372                                {pd product} {ergonomic}
    uintx NonProfiledCodeHeapSize                  = 122909434                              {pd product} {ergonomic}
    uintx ProfiledCodeHeapSize                     = 122909434                              {pd product} {ergonomic}
    uintx ReservedCodeCacheSize                    = 251658240                              {pd product} {ergonomic}
     bool SegmentedCodeCache                       = true                                      {product} {ergonomic}
     bool ShowCodeDetailsInExceptionMessages       = true                                   {manageable} {command line}
   size_t SoftMaxHeapSize                          = 2090860544                             {manageable} {ergonomic}
     bool UseCompressedClassPointers               = true                           {product lp64_product} {ergonomic}
     bool UseCompressedOops                        = true                           {product lp64_product} {ergonomic}
     bool UseG1GC                                  = true                                      {product} {ergonomic}
     bool UseLargePagesIndividualAllocation        = false                                  {pd product} {ergonomic}

Logging:
Log output configuration:
 #0: stdout all=warning uptime,level,tags
 #1: stderr all=off uptime,level,tags

Environment Variables:
PATH=C:/Users/SynccIT/.p2/pool/plugins/org.eclipse.justj.openjdk.hotspot.jre.full.win32.x86_64_17.0.8.v20230831-1047/jre/bin/server;C:/Users/SynccIT/.p2/pool/plugins/org.eclipse.justj.openjdk.hotspot.jre.full.win32.x86_64_17.0.8.v20230831-1047/jre/bin;C:\Program Files\Common Files\Oracle\Java\javapath;C:\WINDOWS\system32;C:\WINDOWS;C:\WINDOWS\System32\Wbem;C:\WINDOWS\System32\WindowsPowerShell\v1.0\;C:\WINDOWS\System32\OpenSSH\;C:\Program Files\nodejs\;C:\Program Files\PuTTY\;C:\Program Files\MySQL\MySQL Shell 8.0\bin\;C:\Users\SynccIT\AppData\Local\Microsoft\WindowsApps;C:\Users\SynccIT\AppData\Roaming\npm;C:\Users\SynccIT\OneDrive\Desktop;
USERNAME=SynccIT
OS=Windows_NT
PROCESSOR_IDENTIFIER=Intel64 Family 6 Model 140 Stepping 1, GenuineIntel
TMP=C:\Users\SynccIT\AppData\Local\Temp
TEMP=C:\Users\SynccIT\AppData\Local\Temp



---------------  S Y S T E M  ---------------

OS:
 Windows 11 , 64 bit Build 22621 (10.0.22621.2428)
OS uptime: 56 days 7:54 hours
Hyper-V role detected

CPU: total 8 (initial active 8) (4 cores per cpu, 2 threads per core) family 6 model 140 stepping 1 microcode 0x8a, cx8, cmov, fxsr, ht, mmx, 3dnowpref, sse, sse2, sse3, ssse3, sse4.1, sse4.2, popcnt, lzcnt, tsc, tscinvbit, avx, avx2, aes, erms, clmul, bmi1, bmi2, adx, avx512f, avx512dq, avx512cd, avx512bw, avx512vl, sha, fma, vzeroupper, avx512_vpopcntdq, avx512_vpclmulqdq, avx512_vaes, avx512_vnni, clflush, clflushopt, clwb, avx512_vbmi2, avx512_vbmi, hv
Processor Information for all 8 processors :
  Max Mhz: 2419, Current Mhz: 2419, Mhz Limit: 2419

Memory: 4k page, system-wide physical 7971M (315M free)
TotalPageFile size 23090M (AvailPageFile size 0M)
current process WorkingSet (physical memory assigned to process): 161M, peak: 161M
current process commit charge ("private bytes"): 197M, peak: 255M

vm_info: OpenJDK 64-Bit Server VM (17.0.8.1+1) for windows-amd64 JRE (17.0.8.1+1), built on Aug 23 2023 15:29:17 by "admin" with MS VC++ 16.7 (VS2019)

END.
